ErsSPrintf result 1 correct
ErsSPrintf result 2 correct
ErsSPrintf result 3 correct
ErsSPrintf result 4 correct
ErsSPrintf result 5 correct
ErsVSPrintf result 1 correct
ErsVSPrintf result 2 correct
ErsVSPrintf result 3 correct
ErsVSPrintf result 4 correct
ErsVSPrintf result 5 correct
